1772890297.848928 client started (1596717): version 3.4, socket /tmp/tmux-1000/default, protocol 8
1772890297.848948 on Linux 6.8.0-101-generic #101-Ubuntu SMP PREEMPT_DYNAMIC Mon Feb  9 10:15:05 UTC 2026
1772890297.848952 using libevent 2.1.12-stable poll
1772890297.848954 using ncurses 6.4 20240113
1772890297.848963 flags are 0x10010000
1772890297.848972 socket is /tmp/tmux-1000/default
1772890297.848981 trying connect
1772890297.849017 add peer 0x5910794d3420: 6 ((nil))
1772890297.849183 sending message 100 to peer 0x5910794d3420 (4 bytes)
1772890297.849190 sending message 111 to peer 0x5910794d3420 (8 bytes)
1772890297.849193 sending message 101 to peer 0x5910794d3420 (14 bytes)
1772890297.849195 sending message 109 to peer 0x5910794d3420 (4 bytes)
1772890297.849198 sending message 102 to peer 0x5910794d3420 (11 bytes)
1772890297.849201 sending message 108 to peer 0x5910794d3420 (24 bytes)
1772890297.849203 sending message 112 to peer 0x5910794d3420 (70 bytes)
1772890297.849206 sending message 112 to peer 0x5910794d3420 (5 bytes)
1772890297.849208 sending message 112 to peer 0x5910794d3420 (5 bytes)
1772890297.849210 sending message 112 to peer 0x5910794d3420 (6 bytes)
1772890297.849213 sending message 112 to peer 0x5910794d3420 (6 bytes)
1772890297.849215 sending message 112 to peer 0x5910794d3420 (11 bytes)
1772890297.849218 sending message 112 to peer 0x5910794d3420 (10 bytes)
1772890297.849220 sending message 112 to peer 0x5910794d3420 (13 bytes)
1772890297.849222 sending message 112 to peer 0x5910794d3420 (13 bytes)
1772890297.849225 sending message 112 to peer 0x5910794d3420 (18 bytes)
1772890297.849228 sending message 112 to peer 0x5910794d3420 (11 bytes)
1772890297.849233 sending message 112 to peer 0x5910794d3420 (10 bytes)
1772890297.849237 sending message 112 to peer 0x5910794d3420 (15 bytes)
1772890297.849241 sending message 112 to peer 0x5910794d3420 (21 bytes)
1772890297.849244 sending message 112 to peer 0x5910794d3420 (13 bytes)
1772890297.849248 sending message 112 to peer 0x5910794d3420 (7 bytes)
1772890297.849252 sending message 112 to peer 0x5910794d3420 (13 bytes)
1772890297.849257 sending message 112 to peer 0x5910794d3420 (7 bytes)
1772890297.849261 sending message 112 to peer 0x5910794d3420 (13 bytes)
1772890297.849264 sending message 112 to peer 0x5910794d3420 (9 bytes)
1772890297.849266 sending message 112 to peer 0x5910794d3420 (21 bytes)
1772890297.849269 sending message 112 to peer 0x5910794d3420 (13 bytes)
1772890297.849272 sending message 112 to peer 0x5910794d3420 (8 bytes)
1772890297.849274 sending message 112 to peer 0x5910794d3420 (12 bytes)
1772890297.849277 sending message 112 to peer 0x5910794d3420 (13 bytes)
1772890297.849279 sending message 112 to peer 0x5910794d3420 (9 bytes)
1772890297.849282 sending message 112 to peer 0x5910794d3420 (9 bytes)
1772890297.849284 sending message 112 to peer 0x5910794d3420 (12 bytes)
1772890297.849287 sending message 112 to peer 0x5910794d3420 (8 bytes)
1772890297.849289 sending message 112 to peer 0x5910794d3420 (8 bytes)
1772890297.849292 sending message 112 to peer 0x5910794d3420 (7 bytes)
1772890297.849294 sending message 112 to peer 0x5910794d3420 (7 bytes)
1772890297.849296 sending message 112 to peer 0x5910794d3420 (9 bytes)
1772890297.849299 sending message 112 to peer 0x5910794d3420 (13 bytes)
1772890297.849302 sending message 112 to peer 0x5910794d3420 (6 bytes)
1772890297.849304 sending message 112 to peer 0x5910794d3420 (9 bytes)
1772890297.849307 sending message 112 to peer 0x5910794d3420 (15 bytes)
1772890297.849309 sending message 112 to peer 0x5910794d3420 (13 bytes)
1772890297.849312 sending message 112 to peer 0x5910794d3420 (12 bytes)
1772890297.849314 sending message 112 to peer 0x5910794d3420 (8 bytes)
1772890297.849318 sending message 112 to peer 0x5910794d3420 (14 bytes)
1772890297.849320 sending message 112 to peer 0x5910794d3420 (11 bytes)
1772890297.849323 sending message 112 to peer 0x5910794d3420 (9 bytes)
1772890297.849325 sending message 112 to peer 0x5910794d3420 (10 bytes)
1772890297.849328 sending message 112 to peer 0x5910794d3420 (10 bytes)
1772890297.849336 sending message 112 to peer 0x5910794d3420 (10 bytes)
1772890297.849339 sending message 112 to peer 0x5910794d3420 (10 bytes)
1772890297.849342 sending message 112 to peer 0x5910794d3420 (11 bytes)
1772890297.849344 sending message 112 to peer 0x5910794d3420 (12 bytes)
1772890297.849347 sending message 112 to peer 0x5910794d3420 (12 bytes)
1772890297.849349 sending message 112 to peer 0x5910794d3420 (12 bytes)
1772890297.849352 sending message 112 to peer 0x5910794d3420 (12 bytes)
1772890297.849355 sending message 112 to peer 0x5910794d3420 (12 bytes)
1772890297.849358 sending message 112 to peer 0x5910794d3420 (11 bytes)
1772890297.849360 sending message 112 to peer 0x5910794d3420 (11 bytes)
1772890297.849363 sending message 112 to peer 0x5910794d3420 (12 bytes)
1772890297.849366 sending message 112 to peer 0x5910794d3420 (12 bytes)
1772890297.849368 sending message 112 to peer 0x5910794d3420 (12 bytes)
1772890297.849371 sending message 112 to peer 0x5910794d3420 (12 bytes)
1772890297.849373 sending message 112 to peer 0x5910794d3420 (12 bytes)
1772890297.849375 sending message 112 to peer 0x5910794d3420 (10 bytes)
1772890297.849378 sending message 112 to peer 0x5910794d3420 (12 bytes)
1772890297.849380 sending message 112 to peer 0x5910794d3420 (13 bytes)
1772890297.849383 sending message 112 to peer 0x5910794d3420 (13 bytes)
1772890297.849385 sending message 112 to peer 0x5910794d3420 (13 bytes)
1772890297.849388 sending message 112 to peer 0x5910794d3420 (13 bytes)
1772890297.849390 sending message 112 to peer 0x5910794d3420 (13 bytes)
1772890297.849392 sending message 112 to peer 0x5910794d3420 (8 bytes)
1772890297.849395 sending message 112 to peer 0x5910794d3420 (11 bytes)
1772890297.849397 sending message 112 to peer 0x5910794d3420 (11 bytes)
1772890297.849400 sending message 112 to peer 0x5910794d3420 (11 bytes)
1772890297.849402 sending message 112 to peer 0x5910794d3420 (12 bytes)
1772890297.849404 sending message 112 to peer 0x5910794d3420 (12 bytes)
1772890297.849407 sending message 112 to peer 0x5910794d3420 (12 bytes)
1772890297.849409 sending message 112 to peer 0x5910794d3420 (12 bytes)
1772890297.849412 sending message 112 to peer 0x5910794d3420 (13 bytes)
1772890297.849414 sending message 112 to peer 0x5910794d3420 (13 bytes)
1772890297.849416 sending message 112 to peer 0x5910794d3420 (13 bytes)
1772890297.849423 sending message 112 to peer 0x5910794d3420 (8 bytes)
1772890297.849427 sending message 112 to peer 0x5910794d3420 (13 bytes)
1772890297.849430 sending message 112 to peer 0x5910794d3420 (13 bytes)
1772890297.849432 sending message 112 to peer 0x5910794d3420 (13 bytes)
1772890297.849435 sending message 112 to peer 0x5910794d3420 (13 bytes)
1772890297.849439 sending message 112 to peer 0x5910794d3420 (13 bytes)
1772890297.849441 sending message 112 to peer 0x5910794d3420 (12 bytes)
1772890297.849444 sending message 112 to peer 0x5910794d3420 (12 bytes)
1772890297.849446 sending message 112 to peer 0x5910794d3420 (12 bytes)
1772890297.849449 sending message 112 to peer 0x5910794d3420 (12 bytes)
1772890297.849451 sending message 112 to peer 0x5910794d3420 (13 bytes)
1772890297.849453 sending message 112 to peer 0x5910794d3420 (8 bytes)
1772890297.849456 sending message 112 to peer 0x5910794d3420 (13 bytes)
1772890297.849458 sending message 112 to peer 0x5910794d3420 (13 bytes)
1772890297.849460 sending message 112 to peer 0x5910794d3420 (13 bytes)
1772890297.849463 sending message 112 to peer 0x5910794d3420 (13 bytes)
1772890297.849465 sending message 112 to peer 0x5910794d3420 (13 bytes)
1772890297.849467 sending message 112 to peer 0x5910794d3420 (13 bytes)
1772890297.849471 sending message 112 to peer 0x5910794d3420 (13 bytes)
1772890297.849475 sending message 112 to peer 0x5910794d3420 (12 bytes)
1772890297.849479 sending message 112 to peer 0x5910794d3420 (12 bytes)
1772890297.849482 sending message 112 to peer 0x5910794d3420 (12 bytes)
1772890297.849486 sending message 112 to peer 0x5910794d3420 (8 bytes)
1772890297.849490 sending message 112 to peer 0x5910794d3420 (12 bytes)
1772890297.849497 sending message 112 to peer 0x5910794d3420 (13 bytes)
1772890297.849500 sending message 112 to peer 0x5910794d3420 (13 bytes)
1772890297.849504 sending message 112 to peer 0x5910794d3420 (13 bytes)
1772890297.849508 sending message 112 to peer 0x5910794d3420 (13 bytes)
1772890297.849512 sending message 112 to peer 0x5910794d3420 (13 bytes)
1772890297.849516 sending message 112 to peer 0x5910794d3420 (13 bytes)
1772890297.849520 sending message 112 to peer 0x5910794d3420 (13 bytes)
1772890297.849524 sending message 112 to peer 0x5910794d3420 (13 bytes)
1772890297.849528 sending message 112 to peer 0x5910794d3420 (12 bytes)
1772890297.849532 sending message 112 to peer 0x5910794d3420 (10 bytes)
1772890297.849536 sending message 112 to peer 0x5910794d3420 (12 bytes)
1772890297.849539 sending message 112 to peer 0x5910794d3420 (12 bytes)
1772890297.849543 sending message 112 to peer 0x5910794d3420 (12 bytes)
1772890297.849546 sending message 112 to peer 0x5910794d3420 (13 bytes)
1772890297.849550 sending message 112 to peer 0x5910794d3420 (13 bytes)
1772890297.849554 sending message 112 to peer 0x5910794d3420 (13 bytes)
1772890297.849557 sending message 112 to peer 0x5910794d3420 (13 bytes)
1772890297.849561 sending message 112 to peer 0x5910794d3420 (13 bytes)
1772890297.849566 sending message 112 to peer 0x5910794d3420 (13 bytes)
1772890297.849569 sending message 112 to peer 0x5910794d3420 (13 bytes)
1772890297.849571 sending message 112 to peer 0x5910794d3420 (10 bytes)
1772890297.849574 sending message 112 to peer 0x5910794d3420 (13 bytes)
1772890297.849576 sending message 112 to peer 0x5910794d3420 (12 bytes)
1772890297.849579 sending message 112 to peer 0x5910794d3420 (12 bytes)
1772890297.849581 sending message 112 to peer 0x5910794d3420 (12 bytes)
1772890297.849584 sending message 112 to peer 0x5910794d3420 (10 bytes)
1772890297.849587 sending message 112 to peer 0x5910794d3420 (10 bytes)
1772890297.849589 sending message 112 to peer 0x5910794d3420 (10 bytes)
1772890297.849592 sending message 112 to peer 0x5910794d3420 (12 bytes)
1772890297.849595 sending message 112 to peer 0x5910794d3420 (13 bytes)
1772890297.849598 sending message 112 to peer 0x5910794d3420 (13 bytes)
1772890297.849600 sending message 112 to peer 0x5910794d3420 (13 bytes)
1772890297.849603 sending message 112 to peer 0x5910794d3420 (13 bytes)
1772890297.849605 sending message 112 to peer 0x5910794d3420 (13 bytes)
1772890297.849607 sending message 112 to peer 0x5910794d3420 (11 bytes)
1772890297.849610 sending message 112 to peer 0x5910794d3420 (11 bytes)
1772890297.849614 sending message 112 to peer 0x5910794d3420 (12 bytes)
1772890297.849616 sending message 112 to peer 0x5910794d3420 (12 bytes)
1772890297.849619 sending message 112 to peer 0x5910794d3420 (12 bytes)
1772890297.849621 sending message 112 to peer 0x5910794d3420 (12 bytes)
1772890297.849624 sending message 112 to peer 0x5910794d3420 (12 bytes)
1772890297.849627 sending message 112 to peer 0x5910794d3420 (11 bytes)
1772890297.849630 sending message 112 to peer 0x5910794d3420 (12 bytes)
1772890297.849633 sending message 112 to peer 0x5910794d3420 (12 bytes)
1772890297.849635 sending message 112 to peer 0x5910794d3420 (13 bytes)
1772890297.849637 sending message 112 to peer 0x5910794d3420 (13 bytes)
1772890297.849640 sending message 112 to peer 0x5910794d3420 (13 bytes)
1772890297.849642 sending message 112 to peer 0x5910794d3420 (13 bytes)
1772890297.849645 sending message 112 to peer 0x5910794d3420 (13 bytes)
1772890297.849647 sending message 112 to peer 0x5910794d3420 (10 bytes)
1772890297.849650 sending message 112 to peer 0x5910794d3420 (9 bytes)
1772890297.849653 sending message 112 to peer 0x5910794d3420 (12 bytes)
1772890297.849656 sending message 112 to peer 0x5910794d3420 (13 bytes)
1772890297.849659 sending message 112 to peer 0x5910794d3420 (13 bytes)
1772890297.849661 sending message 112 to peer 0x5910794d3420 (13 bytes)
1772890297.849663 sending message 112 to peer 0x5910794d3420 (13 bytes)
1772890297.849666 sending message 112 to peer 0x5910794d3420 (13 bytes)
1772890297.849671 sending message 112 to peer 0x5910794d3420 (9 bytes)
1772890297.849674 sending message 112 to peer 0x5910794d3420 (12 bytes)
1772890297.849677 sending message 112 to peer 0x5910794d3420 (13 bytes)
1772890297.849679 sending message 112 to peer 0x5910794d3420 (13 bytes)
1772890297.849682 sending message 112 to peer 0x5910794d3420 (13 bytes)
1772890297.849685 sending message 112 to peer 0x5910794d3420 (13 bytes)
1772890297.849687 sending message 112 to peer 0x5910794d3420 (13 bytes)
1772890297.849690 sending message 112 to peer 0x5910794d3420 (11 bytes)
1772890297.849692 sending message 112 to peer 0x5910794d3420 (12 bytes)
1772890297.849695 sending message 112 to peer 0x5910794d3420 (13 bytes)
1772890297.849698 sending message 112 to peer 0x5910794d3420 (13 bytes)
1772890297.849700 sending message 112 to peer 0x5910794d3420 (13 bytes)
1772890297.849703 sending message 112 to peer 0x5910794d3420 (13 bytes)
1772890297.849706 sending message 112 to peer 0x5910794d3420 (13 bytes)
1772890297.849708 sending message 112 to peer 0x5910794d3420 (11 bytes)
1772890297.849711 sending message 112 to peer 0x5910794d3420 (12 bytes)
1772890297.849713 sending message 112 to peer 0x5910794d3420 (12 bytes)
1772890297.849716 sending message 112 to peer 0x5910794d3420 (12 bytes)
1772890297.849718 sending message 112 to peer 0x5910794d3420 (12 bytes)
1772890297.849722 sending message 112 to peer 0x5910794d3420 (12 bytes)
1772890297.849725 sending message 112 to peer 0x5910794d3420 (21 bytes)
1772890297.849728 sending message 112 to peer 0x5910794d3420 (12 bytes)
1772890297.849731 sending message 112 to peer 0x5910794d3420 (9 bytes)
1772890297.849733 sending message 112 to peer 0x5910794d3420 (6 bytes)
1772890297.849736 sending message 112 to peer 0x5910794d3420 (13 bytes)
1772890297.849738 sending message 112 to peer 0x5910794d3420 (8 bytes)
1772890297.849741 sending message 112 to peer 0x5910794d3420 (15 bytes)
1772890297.849743 sending message 112 to peer 0x5910794d3420 (13 bytes)
1772890297.849746 sending message 112 to peer 0x5910794d3420 (9 bytes)
1772890297.849748 sending message 112 to peer 0x5910794d3420 (70 bytes)
1772890297.849751 sending message 112 to peer 0x5910794d3420 (69 bytes)
1772890297.849754 sending message 112 to peer 0x5910794d3420 (10 bytes)
1772890297.849757 sending message 112 to peer 0x5910794d3420 (10 bytes)
1772890297.849760 sending message 112 to peer 0x5910794d3420 (8 bytes)
1772890297.849762 sending message 112 to peer 0x5910794d3420 (15 bytes)
1772890297.849765 sending message 112 to peer 0x5910794d3420 (13 bytes)
1772890297.849767 sending message 112 to peer 0x5910794d3420 (10 bytes)
1772890297.849770 sending message 112 to peer 0x5910794d3420 (10 bytes)
1772890297.849772 sending message 112 to peer 0x5910794d3420 (17 bytes)
1772890297.849775 sending message 112 to peer 0x5910794d3420 (10 bytes)
1772890297.849777 sending message 112 to peer 0x5910794d3420 (13 bytes)
1772890297.849780 sending message 112 to peer 0x5910794d3420 (9 bytes)
1772890297.849782 sending message 112 to peer 0x5910794d3420 (5 bytes)
1772890297.849785 sending message 112 to peer 0x5910794d3420 (15 bytes)
1772890297.849788 sending message 104 to peer 0x5910794d3420 (0 bytes)
1772890297.849791 sending message 110 to peer 0x5910794d3420 (0 bytes)
1772890297.849794 sending message 107 to peer 0x5910794d3420 (4 bytes)
1772890297.849797 sending message 105 to peer 0x5910794d3420 (67 bytes)
1772890297.849799 sending message 105 to peer 0x5910794d3420 (19 bytes)
1772890297.849802 sending message 105 to peer 0x5910794d3420 (140 bytes)
1772890297.849804 sending message 105 to peer 0x5910794d3420 (15 bytes)
1772890297.849808 sending message 105 to peer 0x5910794d3420 (20 bytes)
1772890297.849811 sending message 105 to peer 0x5910794d3420 (54 bytes)
1772890297.849813 sending message 105 to peer 0x5910794d3420 (23 bytes)
1772890297.849816 sending message 105 to peer 0x5910794d3420 (11 bytes)
1772890297.849818 sending message 105 to peer 0x5910794d3420 (21 bytes)
1772890297.849821 sending message 105 to peer 0x5910794d3420 (25 bytes)
1772890297.849827 sending message 105 to peer 0x5910794d3420 (52 bytes)
1772890297.849829 sending message 105 to peer 0x5910794d3420 (35 bytes)
1772890297.849832 sending message 105 to peer 0x5910794d3420 (90 bytes)
1772890297.849835 sending message 105 to peer 0x5910794d3420 (77 bytes)
1772890297.849838 sending message 105 to peer 0x5910794d3420 (19 bytes)
1772890297.849840 sending message 105 to peer 0x5910794d3420 (18 bytes)
1772890297.849844 sending message 105 to peer 0x5910794d3420 (47 bytes)
1772890297.849846 sending message 105 to peer 0x5910794d3420 (23 bytes)
1772890297.849849 sending message 105 to peer 0x5910794d3420 (28 bytes)
1772890297.849852 sending message 105 to peer 0x5910794d3420 (22 bytes)
1772890297.849855 sending message 105 to peer 0x5910794d3420 (21 bytes)
1772890297.849858 sending message 105 to peer 0x5910794d3420 (22 bytes)
1772890297.849861 sending message 105 to peer 0x5910794d3420 (27 bytes)
1772890297.849863 sending message 105 to peer 0x5910794d3420 (33 bytes)
1772890297.849866 sending message 105 to peer 0x5910794d3420 (31 bytes)
1772890297.849868 sending message 105 to peer 0x5910794d3420 (23 bytes)
1772890297.849871 sending message 105 to peer 0x5910794d3420 (17 bytes)
1772890297.849873 sending message 105 to peer 0x5910794d3420 (18 bytes)
1772890297.849875 sending message 105 to peer 0x5910794d3420 (16 bytes)
1772890297.849878 sending message 105 to peer 0x5910794d3420 (16 bytes)
1772890297.849880 sending message 105 to peer 0x5910794d3420 (132 bytes)
1772890297.849883 sending message 105 to peer 0x5910794d3420 (51 bytes)
1772890297.849885 sending message 105 to peer 0x5910794d3420 (21 bytes)
1772890297.849888 sending message 105 to peer 0x5910794d3420 (50 bytes)
1772890297.849890 sending message 105 to peer 0x5910794d3420 (490 bytes)
1772890297.849894 sending message 105 to peer 0x5910794d3420 (13 bytes)
1772890297.849896 sending message 105 to peer 0x5910794d3420 (28 bytes)
1772890297.849899 sending message 105 to peer 0x5910794d3420 (56 bytes)
1772890297.849902 sending message 105 to peer 0x5910794d3420 (19 bytes)
1772890297.849904 sending message 105 to peer 0x5910794d3420 (30 bytes)
1772890297.849907 sending message 105 to peer 0x5910794d3420 (90 bytes)
1772890297.849909 sending message 105 to peer 0x5910794d3420 (15 bytes)
1772890297.849912 sending message 105 to peer 0x5910794d3420 (50 bytes)
1772890297.849914 sending message 105 to peer 0x5910794d3420 (8 bytes)
1772890297.849918 sending message 105 to peer 0x5910794d3420 (19 bytes)
1772890297.849920 sending message 105 to peer 0x5910794d3420 (33 bytes)
1772890297.849924 sending message 105 to peer 0x5910794d3420 (47 bytes)
1772890297.849926 sending message 105 to peer 0x5910794d3420 (22 bytes)
1772890297.849929 sending message 105 to peer 0x5910794d3420 (19 bytes)
1772890297.849932 sending message 105 to peer 0x5910794d3420 (18 bytes)
1772890297.849934 sending message 105 to peer 0x5910794d3420 (25 bytes)
1772890297.849936 sending message 105 to peer 0x5910794d3420 (35 bytes)
1772890297.849939 sending message 105 to peer 0x5910794d3420 (13 bytes)
1772890297.849941 sending message 105 to peer 0x5910794d3420 (13 bytes)
1772890297.849944 sending message 105 to peer 0x5910794d3420 (28 bytes)
1772890297.849946 sending message 105 to peer 0x5910794d3420 (17 bytes)
1772890297.849949 sending message 105 to peer 0x5910794d3420 (29 bytes)
1772890297.849951 sending message 105 to peer 0x5910794d3420 (16 bytes)
1772890297.849954 sending message 105 to peer 0x5910794d3420 (36 bytes)
1772890297.849957 sending message 105 to peer 0x5910794d3420 (128 bytes)
1772890297.849962 sending message 105 to peer 0x5910794d3420 (24 bytes)
1772890297.849965 sending message 105 to peer 0x5910794d3420 (85 bytes)
1772890297.849967 sending message 105 to peer 0x5910794d3420 (31 bytes)
1772890297.849970 sending message 105 to peer 0x5910794d3420 (15 bytes)
1772890297.849972 sending message 105 to peer 0x5910794d3420 (52 bytes)
1772890297.849975 sending message 105 to peer 0x5910794d3420 (23 bytes)
1772890297.849977 sending message 105 to peer 0x5910794d3420 (24 bytes)
1772890297.849982 sending message 105 to peer 0x5910794d3420 (17 bytes)
1772890297.849984 sending message 105 to peer 0x5910794d3420 (58 bytes)
1772890297.849987 sending message 105 to peer 0x5910794d3420 (21 bytes)
1772890297.849989 sending message 105 to peer 0x5910794d3420 (11 bytes)
1772890297.849992 sending message 105 to peer 0x5910794d3420 (16 bytes)
1772890297.849995 sending message 105 to peer 0x5910794d3420 (43 bytes)
1772890297.849997 sending message 105 to peer 0x5910794d3420 (50 bytes)
1772890297.849999 sending message 105 to peer 0x5910794d3420 (56 bytes)
1772890297.850002 sending message 105 to peer 0x5910794d3420 (48 bytes)
1772890297.850004 sending message 106 to peer 0x5910794d3420 (0 bytes)
1772890297.850036 sending message 200 to peer 0x5910794d3420 (4 bytes)
1772890297.850041 client loop enter
1772890297.850347 peer 0x5910794d3420 message 303
1772890297.850353 open write file 2 -
1772890297.850359 sending message 305 to peer 0x5910794d3420 (8 bytes)
1772890297.850368 write check file 2
1772890297.850423 peer 0x5910794d3420 message 304
1772890297.850429 write 58 to file 2
1772890297.850433 peer 0x5910794d3420 message 203
1772890297.850437 file 2 58 bytes left
1772890297.850447 write check file 2
1772890297.850451 client loop exit
